============================= test session starts =============================
platform win32 -- Python 3.12.10, pytest-7.4.3, pluggy-1.6.0
rootdir: C:\Projects\Kiroween\backend
configfile: pytest.ini
plugins: anyio-3.7.1, asyncio-0.21.1
asyncio: mode=Mode.STRICT
collected 1 item

tests\test_session_manager.py .                                          [100%]

============================== warnings summary ===============================
venv\Lib\site-packages\pydantic\_internal\_config.py:268
  C:\Projects\Kiroween\backend\venv\Lib\site-packages\pydantic\_internal\_config.py:268: PydanticDeprecatedSince20: Support for class-based `config` is deprecated, use ConfigDict instead. Deprecated in Pydantic V2.0 to be removed in V3.0. See Pydantic V2 Migration Guide at https://errors.pydantic.dev/2.5/migration/
    warnings.warn(DEPRECATION_MESSAGE, DeprecationWarning)

tests/test_session_manager.py::TestSessionManager::test_create_session
  C:\Projects\Kiroween\backend\tests\test_session_manager.py:46: DeprecationWarning: datetime.datetime.utcnow() is deprecated and scheduled for removal in a future version. Use timezone-aware objects to represent datetimes in UTC: datetime.datetime.now(datetime.UTC).
    mock_db_session.created_at = datetime.utcnow()

tests/test_session_manager.py::TestSessionManager::test_create_session
  C:\Projects\Kiroween\backend\tests\test_session_manager.py:47: DeprecationWarning: datetime.datetime.utcnow() is deprecated and scheduled for removal in a future version. Use timezone-aware objects to represent datetimes in UTC: datetime.datetime.now(datetime.UTC).
    mock_db_session.last_activity = datetime.utcnow()

tests/test_session_manager.py::TestSessionManager::test_create_session
  C:\Projects\Kiroween\backend\app\services\session_manager.py:61: RuntimeWarning: coroutine 'AsyncMockMixin._execute_mock_call' was never awaited
    db.add(db_session)
  Enable tracemalloc to get traceback where the object was allocated.
  See https://docs.pytest.org/en/stable/how-to/capture-warnings.html#resource-warnings for more info.

tests/test_session_manager.py::TestSessionManager::test_create_session
  C:\Projects\Kiroween\backend\app\services\session_manager.py:72: DeprecationWarning: datetime.datetime.utcnow() is deprecated and scheduled for removal in a future version. Use timezone-aware objects to represent datetimes in UTC: datetime.datetime.now(datetime.UTC).
    created_at=datetime.utcnow(),

tests/test_session_manager.py::TestSessionManager::test_create_session
  C:\Projects\Kiroween\backend\app\services\session_manager.py:73: DeprecationWarning: datetime.datetime.utcnow() is deprecated and scheduled for removal in a future version. Use timezone-aware objects to represent datetimes in UTC: datetime.datetime.now(datetime.UTC).
    last_activity=datetime.utcnow()

-- Docs: https://docs.pytest.org/en/stable/how-to/capture-warnings.html
======================== 1 passed, 6 warnings in 1.13s ========================
