============================= test session starts =============================
platform win32 -- Python 3.12.10, pytest-7.4.3, pluggy-1.6.0
rootdir: C:\Projects\Kiroween\backend
configfile: pytest.ini
plugins: anyio-3.7.1, asyncio-0.21.1
asyncio: mode=Mode.STRICT
collected 12 items

tests\test_session_manager.py .FF...FF...F                               [100%]

================================== FAILURES ===================================
_______________ TestSessionManager.test_get_session_from_redis ________________

self = <test_session_manager.TestSessionManager object at 0x000001AA440B95E0>
session_manager = <app.services.session_manager.SessionManager object at 0x000001AA4411B080>

    @pytest.mark.asyncio
    async def test_get_session_from_redis(self, session_manager):
        """Test getting session from Redis cache"""
        session_id = "test-session-id"
    
        # Mock Redis data
        redis_data = {
            "id": session_id,
            "current_language": "python",
            "preferences": {"theme": "ghost-dark", "font_size": 14, "auto_save": True},
            "files": [],
            "chat_history": [],
            "created_at": datetime.utcnow().isoformat(),
            "last_activity": datetime.utcnow().isoformat()
        }
    
        with patch.object(session_manager, 'get_redis') as mock_redis:
            mock_redis_client = AsyncMock()
            mock_redis_client.get.return_value = '{"id": "test-session-id", "current_language": "python", "preferences": {"theme": "ghost-dark", "font_size": 14, "auto_save": true}, "files": [], "chat_history": [], "created_at": "2023-01-01T00:00:00", "last_activity": "2023-01-01T00:00:00"}'
            mock_redis_client.setex = AsyncMock()
            mock_redis_client.sadd = AsyncMock()
            mock_redis.return_value = mock_redis_client
    
            session = await session_manager.get_session(session_id)
    
>           assert session is not None
E           assert None is not None

tests\test_session_manager.py:91: AssertionError
__________ TestSessionManager.test_get_session_fallback_to_postgres ___________

self = <test_session_manager.TestSessionManager object at 0x000001AA440B9700>
session_manager = <app.services.session_manager.SessionManager object at 0x000001AA440E78C0>

    @pytest.mark.asyncio
    async def test_get_session_fallback_to_postgres(self, session_manager):
        """Test fallback to PostgreSQL when session not in Redis"""
        session_id = "test-session-id"
    
        with patch.object(session_manager, 'get_redis') as mock_redis:
            mock_redis_client = AsyncMock()
            mock_redis_client.get.return_value = None  # Not in Redis
            mock_redis.return_value = mock_redis_client
    
            with patch('app.services.session_manager.AsyncSessionLocal') as mock_db:
                mock_session = AsyncMock()
                mock_db.return_value.__aenter__.return_value = mock_session
    
                # Mock database query result
                mock_result = AsyncMock()
                mock_db_session = MagicMock()
                mock_db_session.id = session_id
                mock_db_session.current_language = "python"
                mock_db_session.preferences = {"theme": "ghost-dark", "font_size": 14, "auto_save": True}
                mock_db_session.files = []
                mock_db_session.chat_messages = []
                mock_db_session.created_at = datetime.utcnow()
                mock_db_session.last_activity = datetime.utcnow()
    
                mock_result.scalar_one_or_none.return_value = mock_db_session
                mock_session.execute.return_value = mock_result
                mock_session.commit = AsyncMock()
    
>               session = await session_manager.get_session(session_id)

tests\test_session_manager.py:124: 
_ _ _ _ _ _ _ _ _ _ _ _ _ _ _ _ _ _ _ _ _ _ _ _ _ _ _ _ _ _ _ _ _ _ _ _ _ _ _ _

self = <app.services.session_manager.SessionManager object at 0x000001AA440E78C0>
session_id = 'test-session-id', update_activity = True

    async def get_session(self, session_id: str, update_activity: bool = True) -> Optional[UserSession]:
        """Get session from memory first, fallback to PostgreSQL"""
    
        # Try to get from memory first (active sessions)
        session_key = self._session_key(session_id)
        session_data = self._memory_sessions.get(session_key)
    
        if session_data:
            # Parse from memory
            session = UserSession(**session_data)
    
            if update_activity:
                # Update activity timestamp
                session.last_activity = datetime.utcnow()
                await self._store_active_session(session)
    
            return session
    
        # Fallback to PostgreSQL
        async with AsyncSessionLocal() as db:
            result = await db.execute(
                select(UserSessionDB)
                .options(
                    selectinload(UserSessionDB.files),
                    selectinload(UserSessionDB.chat_messages)
                )
                .where(UserSessionDB.id == session_id)
            )
    
            db_session = result.scalar_one_or_none()
    
            if not db_session:
                return None
    
            # Update last activity if requested
            if update_activity:
                await db.execute(
                    update(UserSessionDB)
                    .where(UserSessionDB.id == session_id)
                    .values(last_activity=datetime.utcnow())
                )
                await db.commit()
    
            # Convert to session object
            files = [
                CodeFile(
                    id=f.id,
                    name=f.name,
                    content=f.content,
                    language=f.language,
                    last_modified=f.last_modified
                )
>               for f in db_session.files
            ]
E           AttributeError: 'coroutine' object has no attribute 'files'

app\services\session_manager.py:133: AttributeError
______________ TestSessionManager.test_cleanup_expired_sessions _______________

self = <test_session_manager.TestSessionManager object at 0x000001AA440B9B80>
session_manager = <app.services.session_manager.SessionManager object at 0x000001AA442459A0>

    @pytest.mark.asyncio
    async def test_cleanup_expired_sessions(self, session_manager):
        """Test cleanup of expired sessions"""
        with patch.object(session_manager, 'get_redis') as mock_redis:
            mock_redis_client = AsyncMock()
            mock_redis_client.smembers.return_value = {"session1", "session2", "session3"}
            mock_redis_client.exists.side_effect = [True, False, True]  # session2 expired
            mock_redis_client.srem = AsyncMock()
            mock_redis.return_value = mock_redis_client
    
            with patch('app.services.session_manager.AsyncSessionLocal') as mock_db:
                mock_session = AsyncMock()
                mock_db.return_value.__aenter__.return_value = mock_session
                mock_session.execute = AsyncMock()
                mock_session.commit = AsyncMock()
    
                await session_manager.cleanup_expired_sessions()
    
                # Should remove expired session from active set
>               mock_redis_client.srem.assert_called_with(
                    session_manager._active_sessions_key(), "session2"
                )

tests\test_session_manager.py:218: 
_ _ _ _ _ _ _ _ _ _ _ _ _ _ _ _ _ _ _ _ _ _ _ _ _ _ _ _ _ _ _ _ _ _ _ _ _ _ _ _

self = <AsyncMock name='get_redis().srem' id='1830797083088'>
args = ('active_sessions', 'session2'), kwargs = {}
expected = "srem('active_sessions', 'session2')", actual = 'not called.'
error_message = "expected call not found.\nExpected: srem('active_sessions', 'session2')\n  Actual: not called."

    def assert_called_with(self, /, *args, **kwargs):
        """assert that the last call was made with the specified arguments.
    
        Raises an AssertionError if the args and keyword args passed in are
        different to the last call to the mock."""
        if self.call_args is None:
            expected = self._format_mock_call_signature(args, kwargs)
            actual = 'not called.'
            error_message = ('expected call not found.\nExpected: %s\n  Actual: %s'
                    % (expected, actual))
>           raise AssertionError(error_message)
E           AssertionError: expected call not found.
E           Expected: srem('active_sessions', 'session2')
E             Actual: not called.

C:\Program Files\WindowsApps\PythonSoftwareFoundation.Python.3.12_3.12.2800.0_x64__qbz5n2kfra8p0\Lib\unittest\mock.py:940: AssertionError
_________________ TestSessionManager.test_get_active_sessions _________________

self = <test_session_manager.TestSessionManager object at 0x000001AA440B9CA0>
session_manager = <app.services.session_manager.SessionManager object at 0x000001AA442457C0>

    @pytest.mark.asyncio
    async def test_get_active_sessions(self, session_manager):
        """Test getting active sessions"""
        with patch.object(session_manager, 'get_redis') as mock_redis:
            mock_redis_client = AsyncMock()
            mock_redis_client.smembers.return_value = {"session1", "session2"}
            mock_redis.return_value = mock_redis_client
    
            active_sessions = await session_manager.get_active_sessions()
    
>           assert "session1" in active_sessions
E           AssertionError: assert 'session1' in []

tests\test_session_manager.py:232: AssertionError
_____________________ test_session_manager_error_handling _____________________

    @pytest.mark.asyncio
    async def test_session_manager_error_handling():
        """Test error handling in session manager"""
        manager = SessionManager("redis://invalid:6379/0")
    
        # Test Redis connection error handling
        with patch.object(manager, 'get_redis') as mock_redis:
            mock_redis.side_effect = Exception("Redis connection failed")
    
            # Should handle Redis errors gracefully
>           with pytest.raises(Exception):
E           Failed: DID NOT RAISE <class 'Exception'>

tests\test_session_manager.py:327: Failed
============================== warnings summary ===============================
venv\Lib\site-packages\pydantic\_internal\_config.py:268
  C:\Projects\Kiroween\backend\venv\Lib\site-packages\pydantic\_internal\_config.py:268: PydanticDeprecatedSince20: Support for class-based `config` is deprecated, use ConfigDict instead. Deprecated in Pydantic V2.0 to be removed in V3.0. See Pydantic V2 Migration Guide at https://errors.pydantic.dev/2.5/migration/
    warnings.warn(DEPRECATION_MESSAGE, DeprecationWarning)

tests/test_session_manager.py::TestSessionManager::test_create_session
  C:\Projects\Kiroween\backend\tests\test_session_manager.py:46: DeprecationWarning: datetime.datetime.utcnow() is deprecated and scheduled for removal in a future version. Use timezone-aware objects to represent datetimes in UTC: datetime.datetime.now(datetime.UTC).
    mock_db_session.created_at = datetime.utcnow()

tests/test_session_manager.py::TestSessionManager::test_create_session
  C:\Projects\Kiroween\backend\tests\test_session_manager.py:47: DeprecationWarning: datetime.datetime.utcnow() is deprecated and scheduled for removal in a future version. Use timezone-aware objects to represent datetimes in UTC: datetime.datetime.now(datetime.UTC).
    mock_db_session.last_activity = datetime.utcnow()

tests/test_session_manager.py::TestSessionManager::test_create_session
tests/test_session_manager.py::TestSessionManagerIntegration::test_session_lifecycle
  C:\Projects\Kiroween\backend\app\services\session_manager.py:61: RuntimeWarning: coroutine 'AsyncMockMixin._execute_mock_call' was never awaited
    db.add(db_session)
  Enable tracemalloc to get traceback where the object was allocated.
  See https://docs.pytest.org/en/stable/how-to/capture-warnings.html#resource-warnings for more info.

tests/test_session_manager.py::TestSessionManager::test_create_session
tests/test_session_manager.py::TestSessionManagerIntegration::test_session_lifecycle
  C:\Projects\Kiroween\backend\app\services\session_manager.py:72: DeprecationWarning: datetime.datetime.utcnow() is deprecated and scheduled for removal in a future version. Use timezone-aware objects to represent datetimes in UTC: datetime.datetime.now(datetime.UTC).
    created_at=datetime.utcnow(),

tests/test_session_manager.py::TestSessionManager::test_create_session
tests/test_session_manager.py::TestSessionManagerIntegration::test_session_lifecycle
  C:\Projects\Kiroween\backend\app\services\session_manager.py:73: DeprecationWarning: datetime.datetime.utcnow() is deprecated and scheduled for removal in a future version. Use timezone-aware objects to represent datetimes in UTC: datetime.datetime.now(datetime.UTC).
    last_activity=datetime.utcnow()

tests/test_session_manager.py::TestSessionManager::test_get_session_from_redis
  C:\Projects\Kiroween\backend\tests\test_session_manager.py:78: DeprecationWarning: datetime.datetime.utcnow() is deprecated and scheduled for removal in a future version. Use timezone-aware objects to represent datetimes in UTC: datetime.datetime.now(datetime.UTC).
    "created_at": datetime.utcnow().isoformat(),

tests/test_session_manager.py::TestSessionManager::test_get_session_from_redis
  C:\Projects\Kiroween\backend\tests\test_session_manager.py:79: DeprecationWarning: datetime.datetime.utcnow() is deprecated and scheduled for removal in a future version. Use timezone-aware objects to represent datetimes in UTC: datetime.datetime.now(datetime.UTC).
    "last_activity": datetime.utcnow().isoformat()

tests/test_session_manager.py::TestSessionManager::test_get_session_fallback_to_postgres
  C:\Projects\Kiroween\backend\tests\test_session_manager.py:117: DeprecationWarning: datetime.datetime.utcnow() is deprecated and scheduled for removal in a future version. Use timezone-aware objects to represent datetimes in UTC: datetime.datetime.now(datetime.UTC).
    mock_db_session.created_at = datetime.utcnow()

tests/test_session_manager.py::TestSessionManager::test_get_session_fallback_to_postgres
  C:\Projects\Kiroween\backend\tests\test_session_manager.py:118: DeprecationWarning: datetime.datetime.utcnow() is deprecated and scheduled for removal in a future version. Use timezone-aware objects to represent datetimes in UTC: datetime.datetime.now(datetime.UTC).
    mock_db_session.last_activity = datetime.utcnow()

tests/test_session_manager.py::TestSessionManager::test_get_session_fallback_to_postgres
  C:\Projects\Kiroween\backend\app\services\session_manager.py:120: DeprecationWarning: datetime.datetime.utcnow() is deprecated and scheduled for removal in a future version. Use timezone-aware objects to represent datetimes in UTC: datetime.datetime.now(datetime.UTC).
    .values(last_activity=datetime.utcnow())

tests/test_session_manager.py::TestSessionManager::test_update_session
  C:\Projects\Kiroween\backend\tests\test_session_manager.py:140: DeprecationWarning: datetime.datetime.utcnow() is deprecated and scheduled for removal in a future version. Use timezone-aware objects to represent datetimes in UTC: datetime.datetime.now(datetime.UTC).
    mock_session.last_activity = datetime.utcnow()

tests/test_session_manager.py::TestSessionManager::test_update_session
tests/test_session_manager.py::TestSessionManagerIntegration::test_session_lifecycle
  C:\Projects\Kiroween\backend\app\services\session_manager.py:175: DeprecationWarning: datetime.datetime.utcnow() is deprecated and scheduled for removal in a future version. Use timezone-aware objects to represent datetimes in UTC: datetime.datetime.now(datetime.UTC).
    session.last_activity = datetime.utcnow()

tests/test_session_manager.py::TestSessionManager::test_cleanup_expired_sessions
  C:\Projects\Kiroween\backend\app\services\session_manager.py:245: DeprecationWarning: datetime.datetime.utcnow() is deprecated and scheduled for removal in a future version. Use timezone-aware objects to represent datetimes in UTC: datetime.datetime.now(datetime.UTC).
    cutoff_date = datetime.utcnow() - timedelta(days=30)

tests/test_session_manager.py::TestSessionManager::test_get_session_security_info
  C:\Projects\Kiroween\backend\tests\test_session_manager.py:243: DeprecationWarning: datetime.datetime.utcnow() is deprecated and scheduled for removal in a future version. Use timezone-aware objects to represent datetimes in UTC: datetime.datetime.now(datetime.UTC).
    mock_session.created_at = datetime.utcnow()

tests/test_session_manager.py::TestSessionManager::test_get_session_security_info
  C:\Projects\Kiroween\backend\tests\test_session_manager.py:244: DeprecationWarning: datetime.datetime.utcnow() is deprecated and scheduled for removal in a future version. Use timezone-aware objects to represent datetimes in UTC: datetime.datetime.now(datetime.UTC).
    mock_session.last_activity = datetime.utcnow()

tests/test_session_manager.py::TestSessionManagerIntegration::test_session_lifecycle
  C:\Projects\Kiroween\backend\tests\test_session_manager.py:288: DeprecationWarning: datetime.datetime.utcnow() is deprecated and scheduled for removal in a future version. Use timezone-aware objects to represent datetimes in UTC: datetime.datetime.now(datetime.UTC).
    mock_db_session.created_at = datetime.utcnow()

tests/test_session_manager.py::TestSessionManagerIntegration::test_session_lifecycle
  C:\Projects\Kiroween\backend\tests\test_session_manager.py:289: DeprecationWarning: datetime.datetime.utcnow() is deprecated and scheduled for removal in a future version. Use timezone-aware objects to represent datetimes in UTC: datetime.datetime.now(datetime.UTC).
    mock_db_session.last_activity = datetime.utcnow()

-- Docs: https://docs.pytest.org/en/stable/how-to/capture-warnings.html
=========================== short test summary info ===========================
FAILED tests/test_session_manager.py::TestSessionManager::test_get_session_from_redis
FAILED tests/test_session_manager.py::TestSessionManager::test_get_session_fallback_to_postgres
FAILED tests/test_session_manager.py::TestSessionManager::test_cleanup_expired_sessions
FAILED tests/test_session_manager.py::TestSessionManager::test_get_active_sessions
FAILED tests/test_session_manager.py::test_session_manager_error_handling - F...
================== 5 failed, 7 passed, 22 warnings in 1.18s ===================
